<?xml version="1.0" encoding="UTF-8"?>
<testsuites name="Mocha Tests" time="2.630" tests="1" failures="0">
  <testsuite name="Root Suite" timestamp="2024-09-04T12:33:07" tests="0" file="cypress/e2e/login/tc_login_01.cy.js" time="0.000" failures="0">
  </testsuite>
  <testsuite name="Maiky_Login" timestamp="2024-09-04T12:33:07" tests="1" time="2.625" failures="0">
    <testcase name="Maiky_Login Login success case" time="1.152" classname="Login success case">
    </testcase>
  </testsuite>
</testsuites>